// Jest Snapshot v1, https://goo.gl/fbAQLP

exports[`xmlIndent should generate spaces 1`] = `"    "`;
