// Jest Snapshot v1, https://goo.gl/fbAQLP

exports[`failure <failure message=""></failure> 1`] = `"<failure message=\\"Lorem ispum\\"/>"`;
